# ==============================================================================
# ChimeraTE Execution Logs on Simulated Datasets (5x, 25x, 50x, 100x depths)
# 
# Note: 
# 1. This log file provides full transparency regarding the parameters and computational 
# performance of the comparative tool (ChimeraTE) on our simulated datasets.
# 2. Parameter Transparency: The command-line calls show exact parameters used 
#    (e.g., --threads 8).
# ==============================================================================
# ------------------------------------------------------------------------------
# Run 1: 5x Sequencing Depth Simulation
# ------------------------------------------------------------------------------
(base) xiaoyihan@7525:~/manuals/compare/simulate/chimeraTE$ python3 ~/manuals/compare/ChimeraTE/chimTE_mode1.py   --genome /mnt/datadisk/xiaoyihan/index/mm10_no_alt_analysis_set_ENCODE.fasta   --input projects/5x/input_mode1_5x.tsv   --project 5x   --te /mnt/datadisk/xiaoyihan/index/mm10_TE_annotations.gtf   --gene narrowed_1000_simulated_transcripts_with_genes.gtf   --strand rf-stranded   --threads 8
   ________    _                          ____________
  / ____/ /_  (_)___ ___  ___  _________ /_  __/ ____/
 / /   / __ \/ / __ ` __\/ _ \/ ___/ __ ` / / / __/
/ /___/ / / / / / / / / /  __/ /  / /_/ // / / /___
\____/_/ /_/_/_/ /_/ /_/\___/_/   \__,_//_/ /_____/
-. .-.   .-. .-.   .-. .-.   .-. .-.   .-. .-.   .-. .
||\|||\ /|||\|||\ /|||\|||\ /|||\|||\ /|||\|||\ /|||\|
|/ \|||\|||/ \|||\|||/ \|||\|||/ \|||\|||/ \|||\|||/ \ 
~   `-~ `-`   `-~ `-`   `-~ `-~   `-~ `-`   `-~ `-`   
Version 1.2

/==================== Project 5x ====================\
[Thursday 10/10/2024 - 01h:46]	Checking gene and TE annotations
GTF GENE
narrowed_1000_simulated_transcripts_with_genes.gtf contains:
--> 781 genes and 2961 exons
First two gene IDs: MSTRG.660, MSTRG.1367

GTF TE
/mnt/datadisk/xiaoyihan/index/mm10_TE_annotations.gtf contains:
--> 4261 TE families
First two TE families: RLTR17B_Mm, BC1_Mm
Done!

[Thursday 10/10/2024 - 01h:46]	Splitting genes and exons positions
Done!
Star index found! Be sure that it is not corrupted 

Running analysis with ------------------------------------------> rep1_5x

[Thursday 10/10/2024 - 01h:46]	Performing alignment
Creating bed file for fwd reads...
Creating bed file for rev reads...
Done!
[Thursday 10/10/2024 - 01h:47]	Genes expression
Done!
[Thursday 10/10/2024 - 01h:47]	Getting fpkm
Done!
[Thursday 10/10/2024 - 01h:47]	Strand-specific expression analysis
Done!
[Thursday 10/10/2024 - 01h:47]	Chimeric reads pairs identification
Done!

###########################
## TE-initiated analysis ##
###########################

[Thursday 10/10/2024 - 01h:47]	Generating upstream region for expressed genes...
Done!
[Thursday 10/10/2024 - 01h:47]	Searching for TE-initiated transcripts...
There are no TE-initiated transcripts!

############################
## TE-terminated analysis ##
############################

[Thursday 10/10/2024 - 01h:47]	Generating downstream region for expressed genes...
Done!
[Thursday 10/10/2024 - 01h:47]	Searching for TE-terminated transcripts...
There are no TE-terminated transcripts!

###########################
## TE-exonized analysis  ##
###########################

[Thursday 10/10/2024 - 01h:47]	Identifying embedded, overlapped, and intronic TEs...
No embedded exons found, skipping this step.
[Thursday 10/10/2024 - 01h:47]	Searching Embedded-TE chimeras...
There are no TEs embedded into exons with chimeric reads!
[Thursday 10/10/2024 - 01h:47]	Searching Overlapped-TE chimeras...
There are no TEs overlapping exons with chimeric reads!
[Thursday 10/10/2024 - 01h:47]	Searching Intronic-TE chimeras...
Done!
Running analysis with ------------------------------------------> rep2_5x

[Thursday 10/10/2024 - 01h:47]	Performing alignment
Creating bed file for fwd reads...
Creating bed file for rev reads...
Done!
[Thursday 10/10/2024 - 01h:47]	Genes expression
Done!
[Thursday 10/10/2024 - 01h:47]	Getting fpkm
Done!
[Thursday 10/10/2024 - 01h:47]	Strand-specific expression analysis
Done!
[Thursday 10/10/2024 - 01h:47]	Chimeric reads pairs identification
Done!

###########################
## TE-initiated analysis ##
###########################

[Thursday 10/10/2024 - 01h:47]	Generating upstream region for expressed genes...
Done!
[Thursday 10/10/2024 - 01h:47]	Searching for TE-initiated transcripts...
There are no TE-initiated transcripts!

############################
## TE-terminated analysis ##
############################

[Thursday 10/10/2024 - 01h:47]	Generating downstream region for expressed genes...
Done!
[Thursday 10/10/2024 - 01h:47]	Searching for TE-terminated transcripts...
There are no TE-terminated transcripts!

###########################
## TE-exonized analysis  ##
###########################

[Thursday 10/10/2024 - 01h:47]	Identifying embedded, overlapped, and intronic TEs...
No embedded exons found, skipping this step.
[Thursday 10/10/2024 - 01h:47]	Searching Embedded-TE chimeras...
There are no TEs embedded into exons with chimeric reads!
[Thursday 10/10/2024 - 01h:47]	Searching Overlapped-TE chimeras...
There are no TEs overlapping exons with chimeric reads!
[Thursday 10/10/2024 - 01h:47]	Searching Intronic-TE chimeras...
Done!
[Thursday 10/10/2024 - 01h:47]	Searching for TE-initiated transcripts found in at least 2 replicates
There is no TE-initiated transcripts detected.

[Thursday 10/10/2024 - 01h:47]	Searching for TE-terminated transcripts found in at least 2 replicates
There is no TE-terminated transcripts detected.

[Thursday 10/10/2024 - 01h:47]	Searching for TE-exonized transcripts found in at least 2 replicates
There is no TE-exonized transcripts detected

# ------------------------------------------------------------------------------
# Run 2: 25x Sequencing Depth Simulation
# ------------------------------------------------------------------------------
(base) xiaoyihan@7525:~/manuals/compare/simulate/chimeraTE$ python3 ~/manuals/compare/ChimeraTE/chimTE_mode1.py   --genome /mnt/datadisk/xiaoyihan/index/mm10_no_alt_analysis_set_ENCODE.fasta   --input projects/25x/input_mode1_25x.tsv   --project 25x   --te /mnt/datadisk/xiaoyihan/index/mm10_TE_annotations.gtf   --gene narrowed_1000_simulated_transcripts_with_genes.gtf   --strand fwd-stranded   --threads 8 
   ________    _                          ____________
  / ____/ /_  (_)___ ___  ___  _________ /_  __/ ____/
 / /   / __ \/ / __ ` __\/ _ \/ ___/ __ ` / / / __/
/ /___/ / / / / / / / / /  __/ /  / /_/ // / / /___
\____/_/ /_/_/_/ /_/ /_/\___/_/   \__,_//_/ /_____/
-. .-.   .-. .-.   .-. .-.   .-. .-.   .-. .-.   .-. .
||\|||\ /|||\|||\ /|||\|||\ /|||\|||\ /|||\|||\ /|||\|
|/ \|||\|||/ \|||\|||/ \|||\|||/ \|||\|||/ \|||\|||/ \ 
~   `-~ `-`   `-~ `-`   `-~ `-~   `-~ `-`   `-~ `-`   
Version 1.2

/==================== Project 25x ====================\
[Friday 11/10/2024 - 05h:48]	Checking gene and TE annotations
GTF GENE
narrowed_1000_simulated_transcripts_with_genes.gtf contains:
--> 781 genes and 2961 exons
First two gene IDs: MSTRG.660, MSTRG.1367

GTF TE
/mnt/datadisk/xiaoyihan/index/mm10_TE_annotations.gtf contains:
--> 4261 TE families
First two TE families: RLTR17B_Mm, BC1_Mm
Done!

[Friday 11/10/2024 - 05h:48]	Splitting genes and exons positions
Done!
Star index found! Be sure that it is not corrupted 

Running analysis with ------------------------------------------> rep1_25x

[Friday 11/10/2024 - 05h:49]	Performing alignment
Creating bed file for rev reads...
Creating bed file for fwd reads...
Done!
[Friday 11/10/2024 - 05h:49]	Genes expression
Done!
[Friday 11/10/2024 - 05h:49]	Getting fpkm
Done!
[Friday 11/10/2024 - 05h:49]	Strand-specific expression analysis
Done!
[Friday 11/10/2024 - 05h:49]	Chimeric reads pairs identification
Done!

###########################
## TE-initiated analysis ##
###########################

[Friday 11/10/2024 - 05h:49]	Generating upstream region for expressed genes...
Done!
[Friday 11/10/2024 - 05h:49]	Searching for TE-initiated transcripts...
There are no TE-initiated transcripts!

############################
## TE-terminated analysis ##
############################

[Friday 11/10/2024 - 05h:49]	Generating downstream region for expressed genes...
Done!
[Friday 11/10/2024 - 05h:49]	Searching for TE-terminated transcripts...
There are no TE-terminated transcripts!

###########################
## TE-exonized analysis  ##
###########################

[Friday 11/10/2024 - 05h:49]	Identifying embedded, overlapped, and intronic TEs...
No embedded exons found, skipping this step.
[Friday 11/10/2024 - 05h:49]	Searching Embedded-TE chimeras...
There are no TEs embedded into exons with chimeric reads!
[Friday 11/10/2024 - 05h:49]	Searching Overlapped-TE chimeras...
There are no TEs overlapping exons with chimeric reads!
[Friday 11/10/2024 - 05h:49]	Searching Intronic-TE chimeras...
Done!
Running analysis with ------------------------------------------> rep2_25x

[Friday 11/10/2024 - 05h:49]	Performing alignment
Creating bed file for rev reads...
Creating bed file for fwd reads...
Done!
[Friday 11/10/2024 - 05h:50]	Genes expression
Done!
[Friday 11/10/2024 - 05h:50]	Getting fpkm
Done!
[Friday 11/10/2024 - 05h:50]	Strand-specific expression analysis
Done!
[Friday 11/10/2024 - 05h:50]	Chimeric reads pairs identification
Done!

###########################
## TE-initiated analysis ##
###########################

[Friday 11/10/2024 - 05h:50]	Generating upstream region for expressed genes...
Done!
[Friday 11/10/2024 - 05h:50]	Searching for TE-initiated transcripts...
There are no TE-initiated transcripts!

############################
## TE-terminated analysis ##
############################

[Friday 11/10/2024 - 05h:50]	Generating downstream region for expressed genes...
Done!
[Friday 11/10/2024 - 05h:50]	Searching for TE-terminated transcripts...
There are no TE-terminated transcripts!

###########################
## TE-exonized analysis  ##
###########################

[Friday 11/10/2024 - 05h:50]	Identifying embedded, overlapped, and intronic TEs...
No embedded exons found, skipping this step.
[Friday 11/10/2024 - 05h:50]	Searching Embedded-TE chimeras...
There are no TEs embedded into exons with chimeric reads!
[Friday 11/10/2024 - 05h:50]	Searching Overlapped-TE chimeras...
Done!
[Friday 11/10/2024 - 05h:50]	Searching Intronic-TE chimeras...
Done!
[Friday 11/10/2024 - 05h:50]	Searching for TE-initiated transcripts found in at least 2 replicates
There is no TE-initiated transcripts detected.

[Friday 11/10/2024 - 05h:50]	Searching for TE-terminated transcripts found in at least 2 replicates
There is no TE-terminated transcripts detected.

[Friday 11/10/2024 - 05h:50]	Searching for TE-exonized transcripts found in at least 2 replicates
There is no TE-exonized transcript replicated at least 2 times

Done!
ChimeraTE has finished successfullly!

# ------------------------------------------------------------------------------
# Run 3: 50x Sequencing Depth Simulation
(base) xiaoyihan@7525:~/manuals/compare/simulate/chimeraTE$ python3 ~/manuals/compare/ChimeraTE/chimTE_mode1.py   --genome /mnt/datadisk/xiaoyihan/index/mm10_no_alt_analysis_set_ENCODE.fasta   --input projects/50x/input_mode1_50x.tsv   --project 50x   --te /mnt/datadisk/xiaoyihan/index/mm10_TE_annotations.gtf   --gene narrowed_1000_simulated_transcripts_with_genes.gtf   --strand fwd-stranded   --threads 8 
   ________    _                          ____________
  / ____/ /_  (_)___ ___  ___  _________ /_  __/ ____/
 / /   / __ \/ / __ ` __\/ _ \/ ___/ __ ` / / / __/
/ /___/ / / / / / / / / /  __/ /  / /_/ // / / /___
\____/_/ /_/_/_/ /_/ /_/\___/_/   \__,_//_/ /_____/
-. .-.   .-. .-.   .-. .-.   .-. .-.   .-. .-.   .-. .
||\|||\ /|||\|||\ /|||\|||\ /|||\|||\ /|||\|||\ /|||\|
|/ \|||\|||/ \|||\|||/ \|||\|||/ \|||\|||/ \|||\|||/ \ 
~   `-~ `-`   `-~ `-`   `-~ `-~   `-~ `-`   `-~ `-`   
Version 1.2

/==================== Project 50x ====================\
[Friday 11/10/2024 - 05h:52]	Checking gene and TE annotations
GTF GENE
narrowed_1000_simulated_transcripts_with_genes.gtf contains:
--> 781 genes and 2961 exons
First two gene IDs: MSTRG.660, MSTRG.1367

GTF TE
/mnt/datadisk/xiaoyihan/index/mm10_TE_annotations.gtf contains:
--> 4261 TE families
First two TE families: RLTR17B_Mm, BC1_Mm
Done!

[Friday 11/10/2024 - 05h:52]	Splitting genes and exons positions
Done!
Star index found! Be sure that it is not corrupted 

Running analysis with ------------------------------------------> rep1_50x

[Friday 11/10/2024 - 05h:53]	Performing alignment
Creating bed file for rev reads...
Creating bed file for fwd reads...
Done!
[Friday 11/10/2024 - 05h:53]	Genes expression
Done!
[Friday 11/10/2024 - 05h:53]	Getting fpkm
Done!
[Friday 11/10/2024 - 05h:53]	Strand-specific expression analysis
Done!
[Friday 11/10/2024 - 05h:53]	Chimeric reads pairs identification
Done!

###########################
## TE-initiated analysis ##
###########################

[Friday 11/10/2024 - 05h:54]	Generating upstream region for expressed genes...
Done!
[Friday 11/10/2024 - 05h:54]	Searching for TE-initiated transcripts...
There are no TE-initiated transcripts!

############################
## TE-terminated analysis ##
############################

[Friday 11/10/2024 - 05h:54]	Generating downstream region for expressed genes...
Done!
[Friday 11/10/2024 - 05h:54]	Searching for TE-terminated transcripts...
There are no TE-terminated transcripts!

###########################
## TE-exonized analysis  ##
###########################

[Friday 11/10/2024 - 05h:54]	Identifying embedded, overlapped, and intronic TEs...
No embedded exons found, skipping this step.
[Friday 11/10/2024 - 05h:54]	Searching Embedded-TE chimeras...
There are no TEs embedded into exons with chimeric reads!
[Friday 11/10/2024 - 05h:54]	Searching Overlapped-TE chimeras...
Done!
[Friday 11/10/2024 - 05h:54]	Searching Intronic-TE chimeras...
Done!
Running analysis with ------------------------------------------> rep2_50x

[Friday 11/10/2024 - 05h:54]	Performing alignment
Creating bed file for rev reads...
Creating bed file for fwd reads...
Done!
[Friday 11/10/2024 - 05h:54]	Genes expression
Done!
[Friday 11/10/2024 - 05h:55]	Getting fpkm
Done!
[Friday 11/10/2024 - 05h:55]	Strand-specific expression analysis
Done!
[Friday 11/10/2024 - 05h:55]	Chimeric reads pairs identification
Done!

###########################
## TE-initiated analysis ##
###########################

[Friday 11/10/2024 - 05h:55]	Generating upstream region for expressed genes...
Done!
[Friday 11/10/2024 - 05h:55]	Searching for TE-initiated transcripts...
There are no TE-initiated transcripts!

############################
## TE-terminated analysis ##
############################

[Friday 11/10/2024 - 05h:55]	Generating downstream region for expressed genes...
Done!
[Friday 11/10/2024 - 05h:55]	Searching for TE-terminated transcripts...
There are no TE-terminated transcripts!

###########################
## TE-exonized analysis  ##
###########################

[Friday 11/10/2024 - 05h:55]	Identifying embedded, overlapped, and intronic TEs...
No embedded exons found, skipping this step.
[Friday 11/10/2024 - 05h:55]	Searching Embedded-TE chimeras...
There are no TEs embedded into exons with chimeric reads!
[Friday 11/10/2024 - 05h:55]	Searching Overlapped-TE chimeras...
Done!
[Friday 11/10/2024 - 05h:55]	Searching Intronic-TE chimeras...
Done!
[Friday 11/10/2024 - 05h:55]	Searching for TE-initiated transcripts found in at least 2 replicates
There is no TE-initiated transcripts detected.

[Friday 11/10/2024 - 05h:55]	Searching for TE-terminated transcripts found in at least 2 replicates
There is no TE-terminated transcripts detected.

[Friday 11/10/2024 - 05h:55]	Searching for TE-exonized transcripts found in at least 2 replicates
1 TE-exonized transcripts have been detected!
Done!
ChimeraTE has finished successfullly!

# ------------------------------------------------------------------------------
# Run 4: 100x Sequencing Depth Simulation
# ------------------------------------------------------------------------------
(base) xiaoyihan@7525:~/manuals/compare/simulate/chimeraTE$ python3 ~/manuals/compare/ChimeraTE/chimTE_mode1.py   --genome /mnt/datadisk/xiaoyihan/index/mm10_no_alt_analysis_set_ENCODE.fasta   --input projects/100x/input_mode1_100x.tsv   --project 100x   --te /mnt/datadisk/xiaoyihan/index/mm10_TE_annotations.gtf   --gene narrowed_1000_simulated_transcripts_with_genes.gtf   --strand rf-stranded   --threads 8 
   ________    _                          ____________
  / ____/ /_  (_)___ ___  ___  _________ /_  __/ ____/
 / /   / __ \/ / __ ` __\/ _ \/ ___/ __ ` / / / __/
/ /___/ / / / / / / / / /  __/ /  / /_/ // / / /___
\____/_/ /_/_/_/ /_/ /_/\___/_/   \__,_//_/ /_____/
-. .-.   .-. .-.   .-. .-.   .-. .-.   .-. .-.   .-. .
||\|||\ /|||\|||\ /|||\|||\ /|||\|||\ /|||\|||\ /|||\|
|/ \|||\|||/ \|||\|||/ \|||\|||/ \|||\|||/ \|||\|||/ \ 
~   `-~ `-`   `-~ `-`   `-~ `-~   `-~ `-`   `-~ `-`   
Version 1.2

/==================== Project 100x ====================\
[Friday 11/10/2024 - 04h:44]	Checking gene and TE annotations
GTF GENE
narrowed_1000_simulated_transcripts_with_genes.gtf contains:
--> 781 genes and 2961 exons
First two gene IDs: MSTRG.660, MSTRG.1367

GTF TE
/mnt/datadisk/xiaoyihan/index/mm10_TE_annotations.gtf contains:
--> 4261 TE families
First two TE families: RLTR17B_Mm, BC1_Mm
Done!

[Friday 11/10/2024 - 04h:44]	Splitting genes and exons positions
Done!
Star index found! Be sure that it is not corrupted 

Running analysis with ------------------------------------------> rep1_100x

[Friday 11/10/2024 - 04h:44]	Performing alignment
Creating bed file for fwd reads...
Creating bed file for rev reads...
Done!
[Friday 11/10/2024 - 04h:45]	Genes expression
Done!
[Friday 11/10/2024 - 04h:46]	Getting fpkm
Done!
[Friday 11/10/2024 - 04h:46]	Strand-specific expression analysis
Done!
[Friday 11/10/2024 - 04h:46]	Chimeric reads pairs identification
Done!

###########################
## TE-initiated analysis ##
###########################

[Friday 11/10/2024 - 04h:46]	Generating upstream region for expressed genes...
Done!
[Friday 11/10/2024 - 04h:46]	Searching for TE-initiated transcripts...
There are no TE-initiated transcripts!

############################
## TE-terminated analysis ##
############################

[Friday 11/10/2024 - 04h:46]	Generating downstream region for expressed genes...
Done!
[Friday 11/10/2024 - 04h:46]	Searching for TE-terminated transcripts...
There are no TE-terminated transcripts!

###########################
## TE-exonized analysis  ##
###########################

[Friday 11/10/2024 - 04h:46]	Identifying embedded, overlapped, and intronic TEs...
No embedded exons found, skipping this step.
[Friday 11/10/2024 - 04h:46]	Searching Embedded-TE chimeras...
There are no TEs embedded into exons with chimeric reads!
[Friday 11/10/2024 - 04h:46]	Searching Overlapped-TE chimeras...
Done!
[Friday 11/10/2024 - 04h:46]	Searching Intronic-TE chimeras...
Done!
Running analysis with ------------------------------------------> rep2_100x

[Friday 11/10/2024 - 04h:46]	Performing alignment
Creating bed file for fwd reads...
Creating bed file for rev reads...
Done!
[Friday 11/10/2024 - 04h:47]	Genes expression
Done!
[Friday 11/10/2024 - 04h:47]	Getting fpkm
Done!
[Friday 11/10/2024 - 04h:47]	Strand-specific expression analysis
Done!
[Friday 11/10/2024 - 04h:47]	Chimeric reads pairs identification
Done!

###########################
## TE-initiated analysis ##
###########################

[Friday 11/10/2024 - 04h:48]	Generating upstream region for expressed genes...
Done!
[Friday 11/10/2024 - 04h:48]	Searching for TE-initiated transcripts...
There are no TE-initiated transcripts!

############################
## TE-terminated analysis ##
############################

[Friday 11/10/2024 - 04h:48]	Generating downstream region for expressed genes...
Done!
[Friday 11/10/2024 - 04h:48]	Searching for TE-terminated transcripts...
There are no TE-terminated transcripts!

###########################
## TE-exonized analysis  ##
###########################

[Friday 11/10/2024 - 04h:48]	Identifying embedded, overlapped, and intronic TEs...
No embedded exons found, skipping this step.
[Friday 11/10/2024 - 04h:48]	Searching Embedded-TE chimeras...
There are no TEs embedded into exons with chimeric reads!
[Friday 11/10/2024 - 04h:48]	Searching Overlapped-TE chimeras...
Done!
[Friday 11/10/2024 - 04h:48]	Searching Intronic-TE chimeras...
Done!
[Friday 11/10/2024 - 04h:48]	Searching for TE-initiated transcripts found in at least 2 replicates
There is no TE-initiated transcripts detected.

[Friday 11/10/2024 - 04h:48]	Searching for TE-terminated transcripts found in at least 2 replicates
There is no TE-terminated transcripts detected.

[Friday 11/10/2024 - 04h:48]	Searching for TE-exonized transcripts found in at least 2 replicates
1 TE-exonized transcripts have been detected!
Done!
ChimeraTE has finished successfullly!